{"level":30,"time":1737898805312,"pid":18190,"hostname":"Izzats-MacBook-Pro.local","msg":"Session status:"}
{"level":30,"time":1737898808206,"pid":18190,"hostname":"Izzats-MacBook-Pro.local","msg":"Session status:"}
{"level":30,"time":1737898808206,"pid":18190,"hostname":"Izzats-MacBook-Pro.local","msg":"Session status:"}
{"level":30,"time":1737898808900,"pid":18190,"hostname":"Izzats-MacBook-Pro.local","msg":"Session status:"}
{"level":30,"time":1737898812546,"pid":18190,"hostname":"Izzats-MacBook-Pro.local","msg":"Session status:"}
{"level":30,"time":1737898812748,"pid":18190,"hostname":"Izzats-MacBook-Pro.local","msg":"Session status:"}
{"level":30,"time":1737898812748,"pid":18190,"hostname":"Izzats-MacBook-Pro.local","msg":"Session status:"}
{"level":30,"time":1737898812917,"pid":18190,"hostname":"Izzats-MacBook-Pro.local","msg":"Session status:"}
{"level":30,"time":1737898813198,"pid":18190,"hostname":"Izzats-MacBook-Pro.local","msg":"Group Name: Gshock AS37 MERCARI🎌💴, Group ID: 120363335264647876@g.us"}
{"level":30,"time":1737898813198,"pid":18190,"hostname":"Izzats-MacBook-Pro.local","msg":"Group Name: Group hantar link as37, Group ID: 120363354122333391@g.us"}
{"level":30,"time":1737898813199,"pid":18190,"hostname":"Izzats-MacBook-Pro.local","msg":"Group Name: Unnamed Group, Group ID: 120363373055075846@g.us"}
{"level":30,"time":1737898813200,"pid":18190,"hostname":"Izzats-MacBook-Pro.local","msg":"Group Name: Unnamed Group, Group ID: 120363391498432136@g.us"}
{"level":30,"time":1737898813200,"pid":18190,"hostname":"Izzats-MacBook-Pro.local","msg":"Group Name: Unnamed Group, Group ID: 120363392164588023@g.us"}
{"level":30,"time":1737898813201,"pid":18190,"hostname":"Izzats-MacBook-Pro.local","msg":"Group Name: Gshock AS37 - AUCTION, Group ID: 120363354800774217@g.us"}
{"level":30,"time":1737898813202,"pid":18190,"hostname":"Izzats-MacBook-Pro.local","msg":"Group Name: Unnamed Group, Group ID: 120363193416397252@g.us"}
{"level":30,"time":1737898813202,"pid":18190,"hostname":"Izzats-MacBook-Pro.local","msg":"Group Name: Unnamed Group, Group ID: 120363357006932873@g.us"}
{"level":30,"time":1737898813202,"pid":18190,"hostname":"Izzats-MacBook-Pro.local","msg":"Found 8 group(s)."}
{"level":30,"time":1737981480718,"pid":19796,"hostname":"Izzats-MacBook-Pro.local","msg":"Session status:"}
{"level":30,"time":1737981483337,"pid":19796,"hostname":"Izzats-MacBook-Pro.local","msg":"Session status:"}
{"level":30,"time":1737981483338,"pid":19796,"hostname":"Izzats-MacBook-Pro.local","msg":"Session status:"}
{"level":30,"time":1737981483986,"pid":19796,"hostname":"Izzats-MacBook-Pro.local","msg":"Session status:"}
{"level":30,"time":1737981487721,"pid":19796,"hostname":"Izzats-MacBook-Pro.local","msg":"Session status:"}
{"level":30,"time":1737981487923,"pid":19796,"hostname":"Izzats-MacBook-Pro.local","msg":"Session status:"}
{"level":30,"time":1737981487923,"pid":19796,"hostname":"Izzats-MacBook-Pro.local","msg":"Session status:"}
{"level":30,"time":1737981488023,"pid":19796,"hostname":"Izzats-MacBook-Pro.local","msg":"Session status:"}
{"level":30,"time":1737981488301,"pid":19796,"hostname":"Izzats-MacBook-Pro.local","msg":"Group Name: Gshock AS37 MERCARI🎌💴, Group ID: 120363335264647876@g.us"}
{"level":30,"time":1737981488302,"pid":19796,"hostname":"Izzats-MacBook-Pro.local","msg":"Group Name: Group hantar link as37, Group ID: 120363354122333391@g.us"}
{"level":30,"time":1737981488303,"pid":19796,"hostname":"Izzats-MacBook-Pro.local","msg":"Group Name: Unnamed Group, Group ID: 120363373055075846@g.us"}
{"level":30,"time":1737981488304,"pid":19796,"hostname":"Izzats-MacBook-Pro.local","msg":"Group Name: Unnamed Group, Group ID: 120363391498432136@g.us"}
{"level":30,"time":1737981488304,"pid":19796,"hostname":"Izzats-MacBook-Pro.local","msg":"Group Name: Unnamed Group, Group ID: 120363392164588023@g.us"}
{"level":30,"time":1737981488305,"pid":19796,"hostname":"Izzats-MacBook-Pro.local","msg":"Group Name: Gshock AS37 - AUCTION, Group ID: 120363354800774217@g.us"}
{"level":30,"time":1737981488306,"pid":19796,"hostname":"Izzats-MacBook-Pro.local","msg":"Group Name: Unnamed Group, Group ID: 120363193416397252@g.us"}
{"level":30,"time":1737981488306,"pid":19796,"hostname":"Izzats-MacBook-Pro.local","msg":"Group Name: Unnamed Group, Group ID: 120363357006932873@g.us"}
{"level":30,"time":1737981488306,"pid":19796,"hostname":"Izzats-MacBook-Pro.local","msg":"Found 8 group(s)."}
{"level":30,"time":1737983439921,"pid":20546,"hostname":"Izzats-MacBook-Pro.local","msg":"Session status:"}
{"level":30,"time":1737983442924,"pid":20546,"hostname":"Izzats-MacBook-Pro.local","msg":"Session status:"}
{"level":30,"time":1737983442924,"pid":20546,"hostname":"Izzats-MacBook-Pro.local","msg":"Session status:"}
{"level":30,"time":1737983443478,"pid":20546,"hostname":"Izzats-MacBook-Pro.local","msg":"Session status:"}
{"level":30,"time":1737983448432,"pid":20546,"hostname":"Izzats-MacBook-Pro.local","msg":"Session status:"}
{"level":30,"time":1737983448635,"pid":20546,"hostname":"Izzats-MacBook-Pro.local","msg":"Session status:"}
{"level":30,"time":1737983448635,"pid":20546,"hostname":"Izzats-MacBook-Pro.local","msg":"Session status:"}
{"level":30,"time":1737983448723,"pid":20546,"hostname":"Izzats-MacBook-Pro.local","msg":"Session status:"}
{"level":30,"time":1737983449114,"pid":20546,"hostname":"Izzats-MacBook-Pro.local","msg":"Group Name: Gshock AS37 MERCARI🎌💴, Group ID: 120363335264647876@g.us"}
{"level":30,"time":1737983449115,"pid":20546,"hostname":"Izzats-MacBook-Pro.local","msg":"Group Name: Group hantar link as37, Group ID: 120363354122333391@g.us"}
{"level":30,"time":1737983449116,"pid":20546,"hostname":"Izzats-MacBook-Pro.local","msg":"Group Name: Unnamed Group, Group ID: 120363373055075846@g.us"}
{"level":30,"time":1737983449117,"pid":20546,"hostname":"Izzats-MacBook-Pro.local","msg":"Group Name: Unnamed Group, Group ID: 120363391498432136@g.us"}
{"level":30,"time":1737983449117,"pid":20546,"hostname":"Izzats-MacBook-Pro.local","msg":"Group Name: Unnamed Group, Group ID: 120363392164588023@g.us"}
{"level":30,"time":1737983449118,"pid":20546,"hostname":"Izzats-MacBook-Pro.local","msg":"Group Name: Gshock AS37 - AUCTION, Group ID: 120363354800774217@g.us"}
{"level":30,"time":1737983449119,"pid":20546,"hostname":"Izzats-MacBook-Pro.local","msg":"Group Name: Unnamed Group, Group ID: 120363193416397252@g.us"}
{"level":30,"time":1737983449120,"pid":20546,"hostname":"Izzats-MacBook-Pro.local","msg":"Group Name: Unnamed Group, Group ID: 120363357006932873@g.us"}
{"level":30,"time":1737983449120,"pid":20546,"hostname":"Izzats-MacBook-Pro.local","msg":"Found 8 group(s)."}
{"level":30,"time":1738064158921,"pid":21443,"hostname":"Izzats-MacBook-Pro.local","msg":"Session status:"}
{"level":30,"time":1738064161859,"pid":21443,"hostname":"Izzats-MacBook-Pro.local","msg":"Session status:"}
{"level":30,"time":1738064161859,"pid":21443,"hostname":"Izzats-MacBook-Pro.local","msg":"Session status:"}
{"level":30,"time":1738064162747,"pid":21443,"hostname":"Izzats-MacBook-Pro.local","msg":"Session status:"}
{"level":30,"time":1738064169361,"pid":21443,"hostname":"Izzats-MacBook-Pro.local","msg":"Session status:"}
{"level":30,"time":1738064169564,"pid":21443,"hostname":"Izzats-MacBook-Pro.local","msg":"Session status:"}
{"level":30,"time":1738064169564,"pid":21443,"hostname":"Izzats-MacBook-Pro.local","msg":"Session status:"}
{"level":30,"time":1738064169651,"pid":21443,"hostname":"Izzats-MacBook-Pro.local","msg":"Session status:"}
{"level":30,"time":1738064169926,"pid":21443,"hostname":"Izzats-MacBook-Pro.local","msg":"Group Name: Gshock AS37 MERCARI🎌💴, Group ID: 120363335264647876@g.us"}
{"level":30,"time":1738064169927,"pid":21443,"hostname":"Izzats-MacBook-Pro.local","msg":"Group Name: Gshock AS37 - AUCTION, Group ID: 120363354800774217@g.us"}
{"level":30,"time":1738064169928,"pid":21443,"hostname":"Izzats-MacBook-Pro.local","msg":"Group Name: Group hantar link as37, Group ID: 120363354122333391@g.us"}
{"level":30,"time":1738064169928,"pid":21443,"hostname":"Izzats-MacBook-Pro.local","msg":"Group Name: Unnamed Group, Group ID: 120363373055075846@g.us"}
{"level":30,"time":1738064169929,"pid":21443,"hostname":"Izzats-MacBook-Pro.local","msg":"Group Name: Unnamed Group, Group ID: 120363391498432136@g.us"}
{"level":30,"time":1738064169930,"pid":21443,"hostname":"Izzats-MacBook-Pro.local","msg":"Group Name: Unnamed Group, Group ID: 120363392164588023@g.us"}
{"level":30,"time":1738064169930,"pid":21443,"hostname":"Izzats-MacBook-Pro.local","msg":"Group Name: Unnamed Group, Group ID: 120363193416397252@g.us"}
{"level":30,"time":1738064169931,"pid":21443,"hostname":"Izzats-MacBook-Pro.local","msg":"Group Name: Unnamed Group, Group ID: 120363357006932873@g.us"}
{"level":30,"time":1738064169931,"pid":21443,"hostname":"Izzats-MacBook-Pro.local","msg":"Found 8 group(s)."}
{"level":30,"time":1738065093285,"pid":23652,"hostname":"Izzats-MacBook-Pro.local","msg":"Session status:"}
{"level":30,"time":1738065100225,"pid":23652,"hostname":"Izzats-MacBook-Pro.local","msg":"Session status:"}
{"level":30,"time":1738065100225,"pid":23652,"hostname":"Izzats-MacBook-Pro.local","msg":"Session status:"}
{"level":30,"time":1738065101449,"pid":23652,"hostname":"Izzats-MacBook-Pro.local","msg":"Session status:"}
{"level":30,"time":1738065105167,"pid":23652,"hostname":"Izzats-MacBook-Pro.local","msg":"Session status:"}
{"level":30,"time":1738065105370,"pid":23652,"hostname":"Izzats-MacBook-Pro.local","msg":"Session status:"}
{"level":30,"time":1738065105370,"pid":23652,"hostname":"Izzats-MacBook-Pro.local","msg":"Session status:"}
{"level":30,"time":1738065105458,"pid":23652,"hostname":"Izzats-MacBook-Pro.local","msg":"Session status:"}
{"level":30,"time":1738065105808,"pid":23652,"hostname":"Izzats-MacBook-Pro.local","msg":"Group Name: Gshock AS37 MERCARI🎌💴, Group ID: 120363335264647876@g.us"}
{"level":30,"time":1738065105809,"pid":23652,"hostname":"Izzats-MacBook-Pro.local","msg":"Group Name: Gshock AS37 - AUCTION, Group ID: 120363354800774217@g.us"}
{"level":30,"time":1738065105809,"pid":23652,"hostname":"Izzats-MacBook-Pro.local","msg":"Group Name: Group hantar link as37, Group ID: 120363354122333391@g.us"}
{"level":30,"time":1738065105810,"pid":23652,"hostname":"Izzats-MacBook-Pro.local","msg":"Group Name: Unnamed Group, Group ID: 120363373055075846@g.us"}
{"level":30,"time":1738065105810,"pid":23652,"hostname":"Izzats-MacBook-Pro.local","msg":"Group Name: Unnamed Group, Group ID: 120363391498432136@g.us"}
{"level":30,"time":1738065105810,"pid":23652,"hostname":"Izzats-MacBook-Pro.local","msg":"Group Name: Unnamed Group, Group ID: 120363392164588023@g.us"}
{"level":30,"time":1738065105811,"pid":23652,"hostname":"Izzats-MacBook-Pro.local","msg":"Group Name: Unnamed Group, Group ID: 120363193416397252@g.us"}
{"level":30,"time":1738065105811,"pid":23652,"hostname":"Izzats-MacBook-Pro.local","msg":"Group Name: Unnamed Group, Group ID: 120363357006932873@g.us"}
{"level":30,"time":1738065105811,"pid":23652,"hostname":"Izzats-MacBook-Pro.local","msg":"Found 8 group(s)."}
{"level":30,"time":1738238442328,"pid":19,"hostname":"2e784bb08a9b","msg":"Session status:"}
{"level":30,"time":1738238442683,"pid":19,"hostname":"2e784bb08a9b","msg":"Session status:"}
{"level":50,"time":1738238442683,"pid":19,"hostname":"2e784bb08a9b","msg":"Error initializing Venom Bot:"}
{"level":50,"time":1738238442683,"pid":19,"hostname":"2e784bb08a9b","msg":"Failed to initialize the bot, exiting."}
{"level":30,"time":1738242982014,"pid":32095,"hostname":"Mac","msg":"Session status:"}
{"level":30,"time":1738242984842,"pid":32095,"hostname":"Mac","msg":"Session status:"}
{"level":30,"time":1738242984842,"pid":32095,"hostname":"Mac","msg":"Session status:"}
{"level":30,"time":1738242985920,"pid":32095,"hostname":"Mac","msg":"Session status:"}
{"level":30,"time":1738242991196,"pid":32095,"hostname":"Mac","msg":"Session status:"}
{"level":30,"time":1738242991404,"pid":32095,"hostname":"Mac","msg":"Session status:"}
{"level":30,"time":1738242991404,"pid":32095,"hostname":"Mac","msg":"Session status:"}
{"level":30,"time":1738242991575,"pid":32095,"hostname":"Mac","msg":"Session status:"}
{"level":30,"time":1738242991923,"pid":32095,"hostname":"Mac","msg":"Group Name: Gshock AS37 - AUCTION, Group ID: 120363354800774217@g.us"}
{"level":30,"time":1738242991934,"pid":32095,"hostname":"Mac","msg":"Group Name: Gshock AS37 MERCARI🎌💴, Group ID: 120363335264647876@g.us"}
{"level":30,"time":1738242992057,"pid":32095,"hostname":"Mac","msg":"Group Name: Group hantar link as37, Group ID: 120363354122333391@g.us"}
{"level":30,"time":1738242992116,"pid":32095,"hostname":"Mac","msg":"Group Name: Unnamed Group, Group ID: 120363373055075846@g.us"}
{"level":30,"time":1738242992310,"pid":32095,"hostname":"Mac","msg":"Group Name: Unnamed Group, Group ID: 120363391498432136@g.us"}
{"level":30,"time":1738242992326,"pid":32095,"hostname":"Mac","msg":"Group Name: Unnamed Group, Group ID: 120363392164588023@g.us"}
{"level":30,"time":1738242992338,"pid":32095,"hostname":"Mac","msg":"Group Name: Unnamed Group, Group ID: 120363193416397252@g.us"}
{"level":30,"time":1738242992416,"pid":32095,"hostname":"Mac","msg":"Group Name: Unnamed Group, Group ID: 120363357006932873@g.us"}
{"level":30,"time":1738242992416,"pid":32095,"hostname":"Mac","msg":"Found 8 group(s)."}
{"level":30,"time":1738242993843,"pid":32095,"hostname":"Mac","msg":"Message is not from Group A."}
{"level":30,"time":1738242993844,"pid":32095,"hostname":"Mac","msg":"Message is not from Group A."}
{"level":30,"time":1738242993844,"pid":32095,"hostname":"Mac","msg":"Message is not from Group A."}
{"level":30,"time":1738242993844,"pid":32095,"hostname":"Mac","msg":"Message is not from Group A."}
{"level":30,"time":1738242993844,"pid":32095,"hostname":"Mac","msg":"Message is not from Group A."}
{"level":30,"time":1738242993844,"pid":32095,"hostname":"Mac","msg":"Message is not from Group A."}
{"level":30,"time":1738242993844,"pid":32095,"hostname":"Mac","msg":"Message is not from Group A."}
{"level":30,"time":1738242993845,"pid":32095,"hostname":"Mac","msg":"Message is not from Group A."}
{"level":30,"time":1738242993846,"pid":32095,"hostname":"Mac","msg":"Message is not from Group A."}
{"level":30,"time":1738242993846,"pid":32095,"hostname":"Mac","msg":"Message is not from Group A."}
{"level":30,"time":1738242993846,"pid":32095,"hostname":"Mac","msg":"Message is not from Group A."}
{"level":30,"time":1738242993847,"pid":32095,"hostname":"Mac","msg":"Message is not from Group A."}
{"level":30,"time":1738242993847,"pid":32095,"hostname":"Mac","msg":"Message is not from Group A."}
{"level":30,"time":1738243207185,"pid":19,"hostname":"7f47ffed9f4b","msg":"Session status:"}
{"level":30,"time":1738243207566,"pid":19,"hostname":"7f47ffed9f4b","msg":"Session status:"}
{"level":50,"time":1738243207566,"pid":19,"hostname":"7f47ffed9f4b","msg":"Error initializing Venom Bot:"}
{"level":50,"time":1738243207566,"pid":19,"hostname":"7f47ffed9f4b","msg":"Failed to initialize the bot, exiting."}
{"level":30,"time":1738243250405,"pid":19,"hostname":"e9581bf53580","msg":"Session status:"}
{"level":30,"time":1738243250640,"pid":19,"hostname":"e9581bf53580","msg":"Session status:"}
{"level":50,"time":1738243250640,"pid":19,"hostname":"e9581bf53580","msg":"Error initializing Venom Bot:"}
{"level":50,"time":1738243250640,"pid":19,"hostname":"e9581bf53580","msg":"Failed to initialize the bot, exiting."}
{"level":30,"time":1738243288906,"pid":19,"hostname":"13c071949c7b","msg":"Session status:"}
{"level":30,"time":1738243289123,"pid":19,"hostname":"13c071949c7b","msg":"Session status:"}
{"level":50,"time":1738243289123,"pid":19,"hostname":"13c071949c7b","msg":"Error initializing Venom Bot:"}
{"level":50,"time":1738243289123,"pid":19,"hostname":"13c071949c7b","msg":"Failed to initialize the bot, exiting."}
{"level":30,"time":1738243569039,"pid":19,"hostname":"10924038f9d6","msg":"Session status:"}
{"level":30,"time":1738243569269,"pid":19,"hostname":"10924038f9d6","msg":"Session status:"}
{"level":50,"time":1738243569269,"pid":19,"hostname":"10924038f9d6","msg":"Error initializing Venom Bot:"}
{"level":50,"time":1738243569269,"pid":19,"hostname":"10924038f9d6","msg":"Failed to initialize the bot, exiting."}
{"level":30,"time":1738243875543,"pid":32608,"hostname":"Mac","msg":"Session status:"}
{"level":30,"time":1738243878322,"pid":32608,"hostname":"Mac","msg":"Session status:"}
{"level":30,"time":1738243878322,"pid":32608,"hostname":"Mac","msg":"Session status:"}
{"level":30,"time":1738243879210,"pid":32608,"hostname":"Mac","msg":"Session status:"}
{"level":30,"time":1738243889009,"pid":32701,"hostname":"Mac","msg":"Session status:"}
{"level":30,"time":1738243891742,"pid":32701,"hostname":"Mac","msg":"Session status:"}
{"level":30,"time":1738243891742,"pid":32701,"hostname":"Mac","msg":"Session status:"}
{"level":30,"time":1738243892557,"pid":32701,"hostname":"Mac","msg":"Session status:"}
{"level":30,"time":1738243896238,"pid":32701,"hostname":"Mac","msg":"Session status:"}
{"level":30,"time":1738243896440,"pid":32701,"hostname":"Mac","msg":"Session status:"}
{"level":30,"time":1738243896440,"pid":32701,"hostname":"Mac","msg":"Session status:"}
{"level":30,"time":1738243896593,"pid":32701,"hostname":"Mac","msg":"Session status:"}
{"level":30,"time":1738244015769,"pid":32701,"hostname":"Mac","msg":"Message is from Group A."}
{"level":30,"time":1738244015769,"pid":32701,"hostname":"Mac","msg":"✅ emoji detected in the message."}
{"level":30,"time":1738244015769,"pid":32701,"hostname":"Mac","msg":"Quoted message detected."}
{"level":30,"time":1738244015769,"pid":32701,"hostname":"Mac","msg":"Extracting link from message: https://jp.mercari.com/item/m94601069034"}
{"level":30,"time":1738244015769,"pid":32701,"hostname":"Mac","msg":"Extracted link: https://jp.mercari.com/item/m94601069034"}
{"level":30,"time":1738244041599,"pid":32701,"hostname":"Mac","msg":"Message is not from Group A."}
{"level":30,"time":1738244301412,"pid":33126,"hostname":"Mac","msg":"Session status:"}
{"level":30,"time":1738244304185,"pid":33126,"hostname":"Mac","msg":"Session status:"}
{"level":30,"time":1738244304185,"pid":33126,"hostname":"Mac","msg":"Session status:"}
{"level":30,"time":1738244305281,"pid":33126,"hostname":"Mac","msg":"Session status:"}
{"level":30,"time":1738244308970,"pid":33126,"hostname":"Mac","msg":"Session status:"}
{"level":30,"time":1738244309172,"pid":33126,"hostname":"Mac","msg":"Session status:"}
{"level":30,"time":1738244309172,"pid":33126,"hostname":"Mac","msg":"Session status:"}
{"level":30,"time":1738244309324,"pid":33126,"hostname":"Mac","msg":"Session status:"}
{"level":30,"time":1738244315139,"pid":33126,"hostname":"Mac","msg":"Message is from Group A."}
{"level":30,"time":1738244315139,"pid":33126,"hostname":"Mac","msg":"✅ emoji detected in the message."}
{"level":30,"time":1738244315139,"pid":33126,"hostname":"Mac","msg":"Quoted message detected."}
{"level":30,"time":1738244315140,"pid":33126,"hostname":"Mac","msg":"Extracting link from message: https://jp.mercari.com/item/m94601069034"}
{"level":30,"time":1738244315140,"pid":33126,"hostname":"Mac","msg":"Extracted link: https://jp.mercari.com/item/m94601069034"}
{"level":30,"time":1738244315140,"pid":33126,"hostname":"Mac","msg":"Extracted itemId: m94601069034"}
{"level":50,"time":1738244315141,"pid":33126,"hostname":"Mac","msg":"Error extracting dynamic image URL:"}
{"level":30,"time":1738244315141,"pid":33126,"hostname":"Mac","msg":"image URL: "}
{"level":40,"time":1738244315141,"pid":33126,"hostname":"Mac","msg":"Failed to find a valid dynamic image URL. Sending link only."}
{"level":30,"time":1738244327722,"pid":33126,"hostname":"Mac","msg":"Message is from Group A."}
{"level":30,"time":1738244327722,"pid":33126,"hostname":"Mac","msg":"✅ emoji detected in the message."}
{"level":30,"time":1738244327722,"pid":33126,"hostname":"Mac","msg":"Quoted message detected."}
{"level":30,"time":1738244327722,"pid":33126,"hostname":"Mac","msg":"Extracting link from message: https://jp.mercari.com/item/m81710576892"}
{"level":30,"time":1738244327723,"pid":33126,"hostname":"Mac","msg":"Extracted link: https://jp.mercari.com/item/m81710576892"}
{"level":30,"time":1738244327723,"pid":33126,"hostname":"Mac","msg":"Extracted itemId: m81710576892"}
{"level":50,"time":1738244327724,"pid":33126,"hostname":"Mac","msg":"Error extracting dynamic image URL:"}
{"level":30,"time":1738244327724,"pid":33126,"hostname":"Mac","msg":"image URL: "}
{"level":40,"time":1738244327724,"pid":33126,"hostname":"Mac","msg":"Failed to find a valid dynamic image URL. Sending link only."}
{"level":30,"time":1738245056540,"pid":33522,"hostname":"Mac","msg":"Session status:"}
{"level":30,"time":1738245059307,"pid":33522,"hostname":"Mac","msg":"Session status:"}
{"level":30,"time":1738245059308,"pid":33522,"hostname":"Mac","msg":"Session status:"}
{"level":30,"time":1738245060118,"pid":33522,"hostname":"Mac","msg":"Session status:"}
{"level":30,"time":1738245063784,"pid":33522,"hostname":"Mac","msg":"Session status:"}
{"level":30,"time":1738245063986,"pid":33522,"hostname":"Mac","msg":"Session status:"}
{"level":30,"time":1738245063986,"pid":33522,"hostname":"Mac","msg":"Session status:"}
{"level":30,"time":1738245064151,"pid":33522,"hostname":"Mac","msg":"Session status:"}
{"level":30,"time":1738245084970,"pid":33522,"hostname":"Mac","msg":"Message is from Group A."}
{"level":30,"time":1738245084971,"pid":33522,"hostname":"Mac","msg":"✅ emoji detected in the message."}
{"level":30,"time":1738245084971,"pid":33522,"hostname":"Mac","msg":"Quoted message detected."}
{"level":30,"time":1738245084971,"pid":33522,"hostname":"Mac","msg":"Extracting link from message: https://jp.mercari.com/item/m81710576892"}
{"level":30,"time":1738245084971,"pid":33522,"hostname":"Mac","msg":"Extracted link: https://jp.mercari.com/item/m81710576892"}
{"level":30,"time":1738245084972,"pid":33522,"hostname":"Mac","msg":"Extracted itemId: m81710576892"}
{"level":40,"time":1738245084972,"pid":33522,"hostname":"Mac","msg":"No matching image URL found in the container."}
{"level":30,"time":1738245084972,"pid":33522,"hostname":"Mac","msg":"image URL: "}
{"level":40,"time":1738245084972,"pid":33522,"hostname":"Mac","msg":"Failed to find a valid dynamic image URL. Sending link only."}
{"level":30,"time":1738245096422,"pid":33522,"hostname":"Mac","msg":"Message is from Group A."}
{"level":30,"time":1738245096422,"pid":33522,"hostname":"Mac","msg":"✅ emoji detected in the message."}
{"level":30,"time":1738245096422,"pid":33522,"hostname":"Mac","msg":"Quoted message detected."}
{"level":30,"time":1738245096422,"pid":33522,"hostname":"Mac","msg":"Extracting link from message: https://jp.mercari.com/item/m81710576892"}
{"level":30,"time":1738245096422,"pid":33522,"hostname":"Mac","msg":"Extracted link: https://jp.mercari.com/item/m81710576892"}
{"level":30,"time":1738245096423,"pid":33522,"hostname":"Mac","msg":"Link \"https://jp.mercari.com/item/m81710576892\" already processed globally. Skipping."}
{"level":30,"time":1738245108584,"pid":33522,"hostname":"Mac","msg":"Message is from Group A."}
{"level":30,"time":1738245108584,"pid":33522,"hostname":"Mac","msg":"✅ emoji detected in the message."}
{"level":30,"time":1738245108584,"pid":33522,"hostname":"Mac","msg":"Quoted message detected."}
{"level":30,"time":1738245108584,"pid":33522,"hostname":"Mac","msg":"Extracting link from message: https://jp.mercari.com/item/m94601069034"}
{"level":30,"time":1738245108584,"pid":33522,"hostname":"Mac","msg":"Extracted link: https://jp.mercari.com/item/m94601069034"}
{"level":30,"time":1738245108584,"pid":33522,"hostname":"Mac","msg":"Extracted itemId: m94601069034"}
{"level":40,"time":1738245108584,"pid":33522,"hostname":"Mac","msg":"No matching image URL found in the container."}
{"level":30,"time":1738245108584,"pid":33522,"hostname":"Mac","msg":"image URL: "}
{"level":40,"time":1738245108584,"pid":33522,"hostname":"Mac","msg":"Failed to find a valid dynamic image URL. Sending link only."}
{"level":30,"time":1738245115586,"pid":33522,"hostname":"Mac","msg":"Message is from Group A."}
{"level":30,"time":1738245115586,"pid":33522,"hostname":"Mac","msg":"Sequence prefix updated to: AD and starting number set to: 1"}
{"level":30,"time":1738245124448,"pid":33522,"hostname":"Mac","msg":"Message is from Group A."}
{"level":30,"time":1738245124448,"pid":33522,"hostname":"Mac","msg":"Sequence prefix updated to: AD and starting number set to: 100"}
{"level":30,"time":1738245132793,"pid":33522,"hostname":"Mac","msg":"Message is from Group A."}
{"level":30,"time":1738245132793,"pid":33522,"hostname":"Mac","msg":"✅ emoji detected in the message."}
{"level":30,"time":1738245132793,"pid":33522,"hostname":"Mac","msg":"Quoted message detected."}
{"level":30,"time":1738245132793,"pid":33522,"hostname":"Mac","msg":"Extracting link from message: https://jp.mercari.com/item/m81710576892"}
{"level":30,"time":1738245132793,"pid":33522,"hostname":"Mac","msg":"Extracted link: https://jp.mercari.com/item/m81710576892"}
{"level":30,"time":1738245132794,"pid":33522,"hostname":"Mac","msg":"Link \"https://jp.mercari.com/item/m81710576892\" already processed globally. Skipping."}
{"level":30,"time":1738245289395,"pid":33865,"hostname":"Mac","msg":"Session status:"}
{"level":30,"time":1738245292136,"pid":33865,"hostname":"Mac","msg":"Session status:"}
{"level":30,"time":1738245292137,"pid":33865,"hostname":"Mac","msg":"Session status:"}
{"level":30,"time":1738245293013,"pid":33865,"hostname":"Mac","msg":"Session status:"}
{"level":30,"time":1738245296667,"pid":33865,"hostname":"Mac","msg":"Session status:"}
{"level":30,"time":1738245296871,"pid":33865,"hostname":"Mac","msg":"Session status:"}
{"level":30,"time":1738245296871,"pid":33865,"hostname":"Mac","msg":"Session status:"}
{"level":30,"time":1738245296963,"pid":33865,"hostname":"Mac","msg":"Session status:"}
{"level":30,"time":1738245297174,"pid":33865,"hostname":"Mac","msg":"Group Name: Unnamed Group, Group ID: 120363391498432136@g.us"}
{"level":30,"time":1738245297174,"pid":33865,"hostname":"Mac","msg":"Group Name: Unnamed Group, Group ID: 120363392164588023@g.us"}
{"level":30,"time":1738245297175,"pid":33865,"hostname":"Mac","msg":"Group Name: Gshock AS37 - AUCTION, Group ID: 120363354800774217@g.us"}
{"level":30,"time":1738245297176,"pid":33865,"hostname":"Mac","msg":"Group Name: Gshock AS37 MERCARI🎌💴, Group ID: 120363335264647876@g.us"}
{"level":30,"time":1738245297176,"pid":33865,"hostname":"Mac","msg":"Group Name: Group hantar link as37, Group ID: 120363354122333391@g.us"}
{"level":30,"time":1738245297176,"pid":33865,"hostname":"Mac","msg":"Group Name: Unnamed Group, Group ID: 120363373055075846@g.us"}
{"level":30,"time":1738245297177,"pid":33865,"hostname":"Mac","msg":"Group Name: Unnamed Group, Group ID: 120363193416397252@g.us"}
{"level":30,"time":1738245297177,"pid":33865,"hostname":"Mac","msg":"Group Name: Unnamed Group, Group ID: 120363357006932873@g.us"}
{"level":30,"time":1738245297177,"pid":33865,"hostname":"Mac","msg":"Found 8 group(s)."}
{"level":30,"time":1738245302337,"pid":33865,"hostname":"Mac","msg":"Message is from Group A."}
{"level":30,"time":1738245302337,"pid":33865,"hostname":"Mac","msg":"✅ emoji detected in the message."}
{"level":30,"time":1738245302337,"pid":33865,"hostname":"Mac","msg":"Quoted message detected."}
{"level":30,"time":1738245302337,"pid":33865,"hostname":"Mac","msg":"Extracting link from message: https://jp.mercari.com/item/m81710576892"}
{"level":30,"time":1738245302337,"pid":33865,"hostname":"Mac","msg":"Extracted link: https://jp.mercari.com/item/m81710576892"}
{"level":30,"time":1738245302338,"pid":33865,"hostname":"Mac","msg":"Extracted itemId: m81710576892"}
{"level":50,"time":1738245302339,"pid":33865,"hostname":"Mac","msg":"Error extracting dynamic image URL:"}
{"level":30,"time":1738245302339,"pid":33865,"hostname":"Mac","msg":"image URL: "}
{"level":40,"time":1738245302339,"pid":33865,"hostname":"Mac","msg":"Failed to find a valid dynamic image URL. Sending link only."}
